---
source: assert-struct/tests/equality.rs
expression: message
---
assert_struct! failed:

   | Config {
equality mismatch:
  --> `config.timeout` (line 12)
   |     timeout: == expected_timeout,
   |                 ^^^^^^^^^^^^^^^^ actual: 30
   |                                  expected: 60
   | }
