---
source: assert-struct/tests/multiple_failures.rs
expression: message
---
assert_struct! failed: 2 mismatches
   | Settings {
value mismatch:
  --> `settings.theme` (line 18)
   |     theme: Some("dark"),
   |            ^^^^^^^^^^^^ actual: "light"
comparison mismatch:
  --> `settings.font_size` (line 19)
   |     font_size: Some(> 12),
   |                     ^^^^ actual: 10
   | } ... }
