---
source: assert-struct/tests/multiple_failures.rs
expression: message
---
assert_struct! failed: 3 mismatches
| Account { ... Profile {
value mismatch:
  --> `account.profile.bio` (line 29)
   |         bio: "A detailed bio that is much longer",
   |              ^^^^^^^^^^^^^^^^^^^^^^^^^^^^^^^^^^^^ actual: "Hello"
value mismatch:
  --> `account.profile.verified` (line 30)
   |         verified: true,
   |                   ^^^^ actual: false
comparison mismatch:
  --> `account.profile.followers` (line 31)
   |         followers: > 100,
   |                    ^^^^^ actual: 5
   | } ... }
