---
source: assert-struct/tests/multiple_failures.rs
expression: message
---
assert_struct! failed: 2 mismatches
   | Settings {
mismatch:
  --> `settings.theme.Some` (line 18)
   |     Some: "dark",
   |           ^^^^^^ actual: "light"

mismatch:
  --> `settings.font_size.Some` (line 19)
   | > 12
   | ^^^^ actual: 10
   | }
