---
source: assert-struct/tests/multiple_failures.rs
expression: message
---
assert_struct! failed: 2 mismatches

   | User {
mismatch:
  --> `user.age` (line 23)
   |     age: > 18,
   |          ^^^^ actual: 17
mismatch:
  --> `user.email` (line 24)
   |     email: "alice@example.com",
   |            ^^^^^^^^^^^^^^^^^^^ actual: "alice@wrong.com"
   | }
