---
source: assert-struct/tests/nested.rs
expression: message
---
assert_struct! failed:

   | Customer { ... Contact {
regex pattern mismatch:
  --> `customer.contact.validation.email` (line 38)
   |             email: =~ r".*@company\.com$",
   |                    ^^^^^^^^^^^^^^^^^^^^^^ actual: "john@example.com"
   | } ... }
