---
source: assert-struct/tests/nested.rs
expression: message
---
assert_struct! failed:

   | GameObject { ... Transform { ... Coordinates {
tuple mismatch:
  --> `obj.transform.coords.position` (line 33)
   |     position: (10.0, 25.0, 30.0),
   |                      ^^^^ actual: 20.0
   | } ... } ... }
