---
source: assert-struct/tests/tuples.rs
expression: message
---
assert_struct! failed: 3 mismatches

   | MessageQueue {
mismatch:
  --> `queue.current.Triple` (line 25)
   |     current: Message::Triple(100, "expected", false),
   |                              ^^^  ^^^^^^^^^^  ^^^^^ actual: true
   |                              │    └─ actual: "actual"
   |                              └─ actual: 42
   | }
