---
source: assert-struct/tests/tuples.rs
expression: message
---
assert_struct! failed: 2 mismatches

   | MessageQueue {
mismatch:
  --> `queue.current` (line 24)
   |     current: Message::Pair(100, "expected"),
   |                            ^^^  ^^^^^^^^^^ actual: "actual"
   |                            └─ actual: 50
   | }
